Archive member included to satisfy reference by file (symbol)

/usr/lib/gcc/arm-none-eabi/10.3.1/thumb/v7-m/nofp/libgcc.a(_arm_muldf3.o)
                              gcc/control.o (__aeabi_dmul)
/usr/lib/gcc/arm-none-eabi/10.3.1/thumb/v7-m/nofp/libgcc.a(_arm_addsubdf3.o)
                              gcc/control.o (__aeabi_dsub)
/usr/lib/gcc/arm-none-eabi/10.3.1/thumb/v7-m/nofp/libgcc.a(_arm_muldivdf3.o)
                              gcc/control.o (__aeabi_ddiv)
/usr/lib/gcc/arm-none-eabi/10.3.1/thumb/v7-m/nofp/libgcc.a(_arm_cmpdf2.o)
                              gcc/control.o (__aeabi_dcmplt)
/usr/lib/gcc/arm-none-eabi/10.3.1/thumb/v7-m/nofp/libgcc.a(_arm_fixunsdfsi.o)
                              gcc/control.o (__aeabi_d2uiz)

Discarded input sections

 .text          0x0000000000000000        0x0 gcc/adc.o
 .data          0x0000000000000000        0x0 gcc/adc.o
 .bss           0x0000000000000000        0x0 gcc/adc.o
 .text          0x0000000000000000        0x0 gcc/clock_efm32gg2.o
 .data          0x0000000000000000        0x0 gcc/clock_efm32gg2.o
 .bss           0x0000000000000000        0x0 gcc/clock_efm32gg2.o
 .text.ClockRegisterCallback
                0x0000000000000000       0xc0 gcc/clock_efm32gg2.o
 .text.ClockSetPrescalers
                0x0000000000000000      0x11c gcc/clock_efm32gg2.o
 .text.ClockSetLFCLKA
                0x0000000000000000      0x12c gcc/clock_efm32gg2.o
 .text.ClockSetLFCLKB
                0x0000000000000000      0x12c gcc/clock_efm32gg2.o
 .text.ClockGetPeripheralClockFrequency
                0x0000000000000000       0x18 gcc/clock_efm32gg2.o
 .text          0x0000000000000000        0x0 gcc/control.o
 .data          0x0000000000000000        0x0 gcc/control.o
 .bss           0x0000000000000000        0x0 gcc/control.o
 .rodata.GPIOA  0x0000000000000000        0x4 gcc/control.o
 .rodata.GPIOB  0x0000000000000000        0x4 gcc/control.o
 .rodata.GPIOC  0x0000000000000000        0x4 gcc/control.o
 .rodata.GPIOD  0x0000000000000000        0x4 gcc/control.o
 .rodata.GPIOE  0x0000000000000000        0x4 gcc/control.o
 .rodata.GPIOF  0x0000000000000000        0x4 gcc/control.o
 .rodata.GPIO_MODE_DISABLE
                0x0000000000000000        0x4 gcc/control.o
 .rodata.GPIO_MODE_INPUT
                0x0000000000000000        0x4 gcc/control.o
 .rodata.GPIO_MODE_INPUTPULL
                0x0000000000000000        0x4 gcc/control.o
 .rodata.GPIO_MODE_INPUTPULLFILTER
                0x0000000000000000        0x4 gcc/control.o
 .rodata.GPIO_MODE_PUSHPULL
                0x0000000000000000        0x4 gcc/control.o
 .rodata.GPIO_MODE_PUSHPULLDRIVE
                0x0000000000000000        0x4 gcc/control.o
 .rodata.GPIO_MODE_WIREDOR
                0x0000000000000000        0x4 gcc/control.o
 .rodata.GPIO_MODE_WIREDORPULLDOWN
                0x0000000000000000        0x4 gcc/control.o
 .rodata.GPIO_MODE_WIREDAND
                0x0000000000000000        0x4 gcc/control.o
 .rodata.GPIO_MODE_WIREDANDFILTER
                0x0000000000000000        0x4 gcc/control.o
 .rodata.GPIO_MODE_WIREDANDPULLUP
                0x0000000000000000        0x4 gcc/control.o
 .rodata.GPIO_MODE_WIREDANDPULLUPFILTER
                0x0000000000000000        0x4 gcc/control.o
 .rodata.GPIO_MODE_WIREDANDDRIVE
                0x0000000000000000        0x4 gcc/control.o
 .rodata.GPIO_MODE_WIREDANDDRIVEFILTER
                0x0000000000000000        0x4 gcc/control.o
 .rodata.GPIO_MODE_WIREDANDDRIVEPULLUP
                0x0000000000000000        0x4 gcc/control.o
 .rodata.GPIO_MODE_WIREDANDDRIVEPULLUPFILTER
                0x0000000000000000        0x4 gcc/control.o
 .text          0x0000000000000000        0x0 gcc/gpio.o
 .data          0x0000000000000000        0x0 gcc/gpio.o
 .bss           0x0000000000000000        0x0 gcc/gpio.o
 .rodata.GPIOA  0x0000000000000000        0x4 gcc/gpio.o
 .rodata.GPIOB  0x0000000000000000        0x4 gcc/gpio.o
 .rodata.GPIOC  0x0000000000000000        0x4 gcc/gpio.o
 .rodata.GPIOD  0x0000000000000000        0x4 gcc/gpio.o
 .rodata.GPIOE  0x0000000000000000        0x4 gcc/gpio.o
 .rodata.GPIOF  0x0000000000000000        0x4 gcc/gpio.o
 .rodata.GPIO_MODE_DISABLE
                0x0000000000000000        0x4 gcc/gpio.o
 .rodata.GPIO_MODE_INPUT
                0x0000000000000000        0x4 gcc/gpio.o
 .rodata.GPIO_MODE_INPUTPULL
                0x0000000000000000        0x4 gcc/gpio.o
 .rodata.GPIO_MODE_INPUTPULLFILTER
                0x0000000000000000        0x4 gcc/gpio.o
 .rodata.GPIO_MODE_PUSHPULL
                0x0000000000000000        0x4 gcc/gpio.o
 .rodata.GPIO_MODE_PUSHPULLDRIVE
                0x0000000000000000        0x4 gcc/gpio.o
 .rodata.GPIO_MODE_WIREDOR
                0x0000000000000000        0x4 gcc/gpio.o
 .rodata.GPIO_MODE_WIREDORPULLDOWN
                0x0000000000000000        0x4 gcc/gpio.o
 .rodata.GPIO_MODE_WIREDAND
                0x0000000000000000        0x4 gcc/gpio.o
 .rodata.GPIO_MODE_WIREDANDFILTER
                0x0000000000000000        0x4 gcc/gpio.o
 .rodata.GPIO_MODE_WIREDANDPULLUP
                0x0000000000000000        0x4 gcc/gpio.o
 .rodata.GPIO_MODE_WIREDANDPULLUPFILTER
                0x0000000000000000        0x4 gcc/gpio.o
 .rodata.GPIO_MODE_WIREDANDDRIVE
                0x0000000000000000        0x4 gcc/gpio.o
 .rodata.GPIO_MODE_WIREDANDDRIVEFILTER
                0x0000000000000000        0x4 gcc/gpio.o
 .rodata.GPIO_MODE_WIREDANDDRIVEPULLUP
                0x0000000000000000        0x4 gcc/gpio.o
 .rodata.GPIO_MODE_WIREDANDDRIVEPULLUPFILTER
                0x0000000000000000        0x4 gcc/gpio.o
 .text          0x0000000000000000        0x0 gcc/main.o
 .data          0x0000000000000000        0x0 gcc/main.o
 .bss           0x0000000000000000        0x0 gcc/main.o
 .text          0x0000000000000000        0x0 gcc/pwm.o
 .data          0x0000000000000000        0x0 gcc/pwm.o
 .bss           0x0000000000000000        0x0 gcc/pwm.o
 .rodata.GPIOA  0x0000000000000000        0x4 gcc/pwm.o
 .rodata.GPIOB  0x0000000000000000        0x4 gcc/pwm.o
 .rodata.GPIOC  0x0000000000000000        0x4 gcc/pwm.o
 .rodata.GPIOD  0x0000000000000000        0x4 gcc/pwm.o
 .rodata.GPIOE  0x0000000000000000        0x4 gcc/pwm.o
 .rodata.GPIOF  0x0000000000000000        0x4 gcc/pwm.o
 .rodata.GPIO_MODE_DISABLE
                0x0000000000000000        0x4 gcc/pwm.o
 .rodata.GPIO_MODE_INPUT
                0x0000000000000000        0x4 gcc/pwm.o
 .rodata.GPIO_MODE_INPUTPULL
                0x0000000000000000        0x4 gcc/pwm.o
 .rodata.GPIO_MODE_INPUTPULLFILTER
                0x0000000000000000        0x4 gcc/pwm.o
 .rodata.GPIO_MODE_PUSHPULL
                0x0000000000000000        0x4 gcc/pwm.o
 .rodata.GPIO_MODE_PUSHPULLDRIVE
                0x0000000000000000        0x4 gcc/pwm.o
 .rodata.GPIO_MODE_WIREDOR
                0x0000000000000000        0x4 gcc/pwm.o
 .rodata.GPIO_MODE_WIREDORPULLDOWN
                0x0000000000000000        0x4 gcc/pwm.o
 .rodata.GPIO_MODE_WIREDAND
                0x0000000000000000        0x4 gcc/pwm.o
 .rodata.GPIO_MODE_WIREDANDFILTER
                0x0000000000000000        0x4 gcc/pwm.o
 .rodata.GPIO_MODE_WIREDANDPULLUP
                0x0000000000000000        0x4 gcc/pwm.o
 .rodata.GPIO_MODE_WIREDANDPULLUPFILTER
                0x0000000000000000        0x4 gcc/pwm.o
 .rodata.GPIO_MODE_WIREDANDDRIVE
                0x0000000000000000        0x4 gcc/pwm.o
 .rodata.GPIO_MODE_WIREDANDDRIVEFILTER
                0x0000000000000000        0x4 gcc/pwm.o
 .rodata.GPIO_MODE_WIREDANDDRIVEPULLUP
                0x0000000000000000        0x4 gcc/pwm.o
 .rodata.GPIO_MODE_WIREDANDDRIVEPULLUPFILTER
                0x0000000000000000        0x4 gcc/pwm.o
 .rodata.NumberOfTimers
                0x0000000000000000        0x4 gcc/pwm.o
 .text.PWM_Read
                0x0000000000000000       0x26 gcc/pwm.o
 .text          0x0000000000000000        0x0 gcc/startup_efm32gg.o
 .data          0x0000000000000000        0x0 gcc/startup_efm32gg.o
 .bss           0x0000000000000000        0x0 gcc/startup_efm32gg.o
 .text.SystemInit
                0x0000000000000000        0xc gcc/startup_efm32gg.o
 .text          0x0000000000000000        0x0 gcc/system_efm32gg.o
 .data          0x0000000000000000        0x0 gcc/system_efm32gg.o
 .bss           0x0000000000000000        0x0 gcc/system_efm32gg.o
 .text.SystemMaxCoreClockGet
                0x0000000000000000       0x14 gcc/system_efm32gg.o
 .text.SystemHFXOClockGet
                0x0000000000000000       0x14 gcc/system_efm32gg.o
 .text.SystemHFXOClockSet
                0x0000000000000000       0x30 gcc/system_efm32gg.o
 .text.SystemLFRCOClockGet
                0x0000000000000000       0x10 gcc/system_efm32gg.o
 .text.SystemULFRCOClockGet
                0x0000000000000000       0x10 gcc/system_efm32gg.o
 .text.SystemLFXOClockGet
                0x0000000000000000       0x14 gcc/system_efm32gg.o
 .text.SystemLFXOClockSet
                0x0000000000000000       0x30 gcc/system_efm32gg.o
 .text          0x0000000000000000        0x0 gcc/tt_tasks.o
 .data          0x0000000000000000        0x0 gcc/tt_tasks.o
 .bss           0x0000000000000000        0x0 gcc/tt_tasks.o
 .text.Task_ModifyPeriod
                0x0000000000000000       0x44 gcc/tt_tasks.o
 .text          0x0000000000000000      0x254 /usr/lib/gcc/arm-none-eabi/10.3.1/thumb/v7-m/nofp/libgcc.a(_arm_muldf3.o)
 .data          0x0000000000000000        0x0 /usr/lib/gcc/arm-none-eabi/10.3.1/thumb/v7-m/nofp/libgcc.a(_arm_muldf3.o)
 .bss           0x0000000000000000        0x0 /usr/lib/gcc/arm-none-eabi/10.3.1/thumb/v7-m/nofp/libgcc.a(_arm_muldf3.o)
 .debug_line    0x0000000000000000      0x10c /usr/lib/gcc/arm-none-eabi/10.3.1/thumb/v7-m/nofp/libgcc.a(_arm_muldf3.o)
 .debug_info    0x0000000000000000       0x26 /usr/lib/gcc/arm-none-eabi/10.3.1/thumb/v7-m/nofp/libgcc.a(_arm_muldf3.o)
 .debug_abbrev  0x0000000000000000       0x14 /usr/lib/gcc/arm-none-eabi/10.3.1/thumb/v7-m/nofp/libgcc.a(_arm_muldf3.o)
 .debug_aranges
                0x0000000000000000       0x20 /usr/lib/gcc/arm-none-eabi/10.3.1/thumb/v7-m/nofp/libgcc.a(_arm_muldf3.o)
 .debug_str     0x0000000000000000       0xa7 /usr/lib/gcc/arm-none-eabi/10.3.1/thumb/v7-m/nofp/libgcc.a(_arm_muldf3.o)
 .debug_frame   0x0000000000000000       0x30 /usr/lib/gcc/arm-none-eabi/10.3.1/thumb/v7-m/nofp/libgcc.a(_arm_muldf3.o)
 .ARM.attributes
                0x0000000000000000       0x1d /usr/lib/gcc/arm-none-eabi/10.3.1/thumb/v7-m/nofp/libgcc.a(_arm_muldf3.o)
 .data          0x0000000000000000        0x0 /usr/lib/gcc/arm-none-eabi/10.3.1/thumb/v7-m/nofp/libgcc.a(_arm_addsubdf3.o)
 .bss           0x0000000000000000        0x0 /usr/lib/gcc/arm-none-eabi/10.3.1/thumb/v7-m/nofp/libgcc.a(_arm_addsubdf3.o)
 .data          0x0000000000000000        0x0 /usr/lib/gcc/arm-none-eabi/10.3.1/thumb/v7-m/nofp/libgcc.a(_arm_muldivdf3.o)
 .bss           0x0000000000000000        0x0 /usr/lib/gcc/arm-none-eabi/10.3.1/thumb/v7-m/nofp/libgcc.a(_arm_muldivdf3.o)
 .data          0x0000000000000000        0x0 /usr/lib/gcc/arm-none-eabi/10.3.1/thumb/v7-m/nofp/libgcc.a(_arm_cmpdf2.o)
 .bss           0x0000000000000000        0x0 /usr/lib/gcc/arm-none-eabi/10.3.1/thumb/v7-m/nofp/libgcc.a(_arm_cmpdf2.o)
 .data          0x0000000000000000        0x0 /usr/lib/gcc/arm-none-eabi/10.3.1/thumb/v7-m/nofp/libgcc.a(_arm_fixunsdfsi.o)
 .bss           0x0000000000000000        0x0 /usr/lib/gcc/arm-none-eabi/10.3.1/thumb/v7-m/nofp/libgcc.a(_arm_fixunsdfsi.o)

Memory Configuration

Name             Origin             Length             Attributes
FLASH            0x0000000000000000 0x0000000000100000 xr
RAM              0x0000000020000000 0x0000000000020000 xrw
*default*        0x0000000000000000 0xffffffffffffffff

Linker script and memory map

LOAD gcc/adc.o
LOAD gcc/clock_efm32gg2.o
LOAD gcc/control.o
LOAD gcc/gpio.o
LOAD gcc/main.o
LOAD gcc/pwm.o
LOAD gcc/startup_efm32gg.o
LOAD gcc/system_efm32gg.o
LOAD gcc/tt_tasks.o
START GROUP
LOAD /usr/lib/gcc/arm-none-eabi/10.3.1/thumb/v7-m/nofp/libgcc.a
LOAD /usr/lib/gcc/arm-none-eabi/10.3.1/../../../arm-none-eabi/lib/thumb/v7-m/nofp/libg_nano.a
LOAD /usr/lib/gcc/arm-none-eabi/10.3.1/../../../arm-none-eabi/lib/thumb/v7-m/nofp/libc_nano.a
END GROUP
START GROUP
LOAD /usr/lib/gcc/arm-none-eabi/10.3.1/thumb/v7-m/nofp/libgcc.a
LOAD /usr/lib/gcc/arm-none-eabi/10.3.1/../../../arm-none-eabi/lib/thumb/v7-m/nofp/libc_nano.a
END GROUP
                0x0000000000001000                HEAPSIZE = 0x1000

.text           0x0000000000000000     0x2690
 *(.vectors)
 .vectors       0x0000000000000000       0xdc gcc/startup_efm32gg.o
                0x0000000000000000                __Vectors
                0x00000000000000dc                __Vectors_End = .
                0x00000000000000dc                __Vectors_Size = (__Vectors_End - __Vectors)
                0x0000000020000210                __end__ = .
 *(.text*)
 .text.GetCalibrationValues
                0x00000000000000dc       0xe0 gcc/adc.o
 .text.ADC0_IRQHandler
                0x00000000000001bc        0xc gcc/adc.o
                0x00000000000001bc                ADC0_IRQHandler
 .text.ADC_Init
                0x00000000000001c8      0x11c gcc/adc.o
                0x00000000000001c8                ADC_Init
 .text.ADC_ConfigChannel
                0x00000000000002e4       0xd4 gcc/adc.o
                0x00000000000002e4                ADC_ConfigChannel
 .text.ADC_Read
                0x00000000000003b8       0x1e gcc/adc.o
                0x00000000000003b8                ADC_Read
 *fill*         0x00000000000003d6        0x2 
 .text.ADC_StartReading
                0x00000000000003d8       0x58 gcc/adc.o
                0x00000000000003d8                ADC_StartReading
 .text.ADC_GetReading
                0x0000000000000430       0x38 gcc/adc.o
                0x0000000000000430                ADC_GetReading
 .text.SystemCoreClockUpdate
                0x0000000000000468        0xc gcc/clock_efm32gg2.o
 .text.GetProdRev
                0x0000000000000474       0x18 gcc/clock_efm32gg2.o
 .text.nearestpower2exp
                0x000000000000048c       0x6c gcc/clock_efm32gg2.o
 .text.ClockProcessPreChange
                0x00000000000004f8       0x6c gcc/clock_efm32gg2.o
                0x00000000000004f8                ClockProcessPreChange
 .text.ClockProcessPostChange
                0x0000000000000564       0x6c gcc/clock_efm32gg2.o
                0x0000000000000564                ClockProcessPostChange
 .text.ClockSetCoreClock
                0x00000000000005d0      0x304 gcc/clock_efm32gg2.o
                0x00000000000005d0                ClockSetCoreClock
 .text.ClockGetConfiguration
                0x00000000000008d4      0x1c4 gcc/clock_efm32gg2.o
                0x00000000000008d4                ClockGetConfiguration
 .text.ClockConfigureSystemForClockFrequency
                0x0000000000000a98       0x98 gcc/clock_efm32gg2.o
                0x0000000000000a98                ClockConfigureSystemForClockFrequency
 .text.ClockGetCoreClockFrequency
                0x0000000000000b30       0x18 gcc/clock_efm32gg2.o
                0x0000000000000b30                ClockGetCoreClockFrequency
 .text.GPIO_WritePins
                0x0000000000000b48       0x22 gcc/control.o
 *fill*         0x0000000000000b6a        0x2 
 .text.controllerInit
                0x0000000000000b6c      0x114 gcc/control.o
                0x0000000000000b6c                controllerInit
 .text.readSetpoint
                0x0000000000000c80       0x5c gcc/control.o
                0x0000000000000c80                readSetpoint
 *fill*         0x0000000000000cdc        0x4 
 .text.readProcessVariable
                0x0000000000000ce0       0x5c gcc/control.o
                0x0000000000000ce0                readProcessVariable
 *fill*         0x0000000000000d3c        0x4 
 .text.writeControlVariable
                0x0000000000000d40       0x84 gcc/control.o
                0x0000000000000d40                writeControlVariable
 .text.writeLED
                0x0000000000000dc4       0x44 gcc/control.o
                0x0000000000000dc4                writeLED
 .text.steadyState
                0x0000000000000e08       0x80 gcc/control.o
                0x0000000000000e08                steadyState
 .text.controlSignalPID
                0x0000000000000e88      0x240 gcc/control.o
                0x0000000000000e88                controlSignalPID
 .text.clamper  0x00000000000010c8       0x4c gcc/control.o
 .text.GPIO_ConfigPins
                0x0000000000001114       0xb0 gcc/gpio.o
                0x0000000000001114                GPIO_ConfigPins
 .text.GPIO_Init
                0x00000000000011c4       0x48 gcc/gpio.o
                0x00000000000011c4                GPIO_Init
 .text.__NVIC_SetPriority
                0x000000000000120c       0x54 gcc/main.o
 .text.SysTick_Config
                0x0000000000001260       0x44 gcc/main.o
 .text.SysTick_Handler
                0x00000000000012a4        0xc gcc/main.o
                0x00000000000012a4                SysTick_Handler
 .text.stateMachine
                0x00000000000012b0       0xec gcc/main.o
                0x00000000000012b0                stateMachine
 .text.sampleTimer
                0x000000000000139c       0x18 gcc/main.o
                0x000000000000139c                sampleTimer
 .text.main     0x00000000000013b4       0xa4 gcc/main.o
                0x00000000000013b4                main
 .text.PWM_Start
                0x0000000000001458       0x18 gcc/pwm.o
                0x0000000000001458                PWM_Start
 .text.PWM_Stop
                0x0000000000001470       0x18 gcc/pwm.o
                0x0000000000001470                PWM_Stop
 .text.FindTimerIndex
                0x0000000000001488       0x50 gcc/pwm.o
 .text.EnableTimerClock
                0x00000000000014d8       0x58 gcc/pwm.o
 .text.finddivencoding
                0x0000000000001530       0x32 gcc/pwm.o
 .text.PWM_Write
                0x0000000000001562       0x26 gcc/pwm.o
                0x0000000000001562                PWM_Write
 .text.PWM_ConfigTimer
                0x0000000000001588       0x52 gcc/pwm.o
                0x0000000000001588                PWM_ConfigTimer
 *fill*         0x00000000000015da        0x2 
 .text.PWM_ConfigOutputPin
                0x00000000000015dc      0x120 gcc/pwm.o
 .text.PWM_ConfigChannel
                0x00000000000016fc      0x128 gcc/pwm.o
                0x00000000000016fc                PWM_ConfigChannel
 .text.PWM_Init
                0x0000000000001824       0xd0 gcc/pwm.o
                0x0000000000001824                PWM_Init
 .text.Reset_Handler
                0x00000000000018f4       0x4c gcc/startup_efm32gg.o
                0x00000000000018f4                Reset_Handler
 .text._main    0x0000000000001940        0xc gcc/startup_efm32gg.o
                0x0000000000001940                _main
 .text.Default_Handler
                0x000000000000194c        0x6 gcc/startup_efm32gg.o
                0x000000000000194c                TIMER2_IRQHandler
                0x000000000000194c                DebugMon_Handler
                0x000000000000194c                USART0_TX_IRQHandler
                0x000000000000194c                I2C0_IRQHandler
                0x000000000000194c                HardFault_Handler
                0x000000000000194c                LEUART1_IRQHandler
                0x000000000000194c                USART1_RX_IRQHandler
                0x000000000000194c                PendSV_Handler
                0x000000000000194c                NMI_Handler
                0x000000000000194c                I2C1_IRQHandler
                0x000000000000194c                TIMER3_IRQHandler
                0x000000000000194c                USART1_TX_IRQHandler
                0x000000000000194c                MSC_IRQHandler
                0x000000000000194c                UsageFault_Handler
                0x000000000000194c                LEUART0_IRQHandler
                0x000000000000194c                GPIO_EVEN_IRQHandler
                0x000000000000194c                UART0_TX_IRQHandler
                0x000000000000194c                UART1_TX_IRQHandler
                0x000000000000194c                RTC_IRQHandler
                0x000000000000194c                TIMER0_IRQHandler
                0x000000000000194c                LCD_IRQHandler
                0x000000000000194c                PCNT2_IRQHandler
                0x000000000000194c                UART0_RX_IRQHandler
                0x000000000000194c                LETIMER0_IRQHandler
                0x000000000000194c                TIMER1_IRQHandler
                0x000000000000194c                USART2_RX_IRQHandler
                0x000000000000194c                Default_Handler
                0x000000000000194c                EMU_IRQHandler
                0x000000000000194c                PCNT0_IRQHandler
                0x000000000000194c                USB_IRQHandler
                0x000000000000194c                BURTC_IRQHandler
                0x000000000000194c                PCNT1_IRQHandler
                0x000000000000194c                ACMP0_IRQHandler
                0x000000000000194c                USART0_RX_IRQHandler
                0x000000000000194c                MemManage_Handler
                0x000000000000194c                SVC_Handler
                0x000000000000194c                DAC0_IRQHandler
                0x000000000000194c                UART1_RX_IRQHandler
                0x000000000000194c                CMU_IRQHandler
                0x000000000000194c                EBI_IRQHandler
                0x000000000000194c                LESENSE_IRQHandler
                0x000000000000194c                GPIO_ODD_IRQHandler
                0x000000000000194c                AES_IRQHandler
                0x000000000000194c                VCMP_IRQHandler
                0x000000000000194c                DMA_IRQHandler
                0x000000000000194c                BusFault_Handler
                0x000000000000194c                USART2_TX_IRQHandler
 *fill*         0x0000000000001952        0x2 
 .text.GetProdRev
                0x0000000000001954       0x18 gcc/system_efm32gg.o
 .text.SystemCoreClockGet
                0x000000000000196c       0x34 gcc/system_efm32gg.o
                0x000000000000196c                SystemCoreClockGet
 .text.SystemHFClockGet
                0x00000000000019a0      0x118 gcc/system_efm32gg.o
                0x00000000000019a0                SystemHFClockGet
 .text.SystemInit
                0x0000000000001ab8        0xc gcc/system_efm32gg.o
                0x0000000000001ab8                SystemInit
 .text.Task_Init
                0x0000000000001ac4       0x2a gcc/tt_tasks.o
                0x0000000000001ac4                Task_Init
 *fill*         0x0000000000001aee        0x2 
 .text.Task_Add
                0x0000000000001af0       0x74 gcc/tt_tasks.o
                0x0000000000001af0                Task_Add
 .text.Task_Delete
                0x0000000000001b64       0x40 gcc/tt_tasks.o
                0x0000000000001b64                Task_Delete
 .text.Task_Dispatch
                0x0000000000001ba4       0xc0 gcc/tt_tasks.o
                0x0000000000001ba4                Task_Dispatch
 .text.Task_Update
                0x0000000000001c64       0x1c gcc/tt_tasks.o
                0x0000000000001c64                Task_Update
 .text          0x0000000000001c80      0x378 /usr/lib/gcc/arm-none-eabi/10.3.1/thumb/v7-m/nofp/libgcc.a(_arm_addsubdf3.o)
                0x0000000000001c80                __aeabi_drsub
                0x0000000000001c88                __aeabi_dsub
                0x0000000000001c88                __subdf3
                0x0000000000001c8c                __adddf3
                0x0000000000001c8c                __aeabi_dadd
                0x0000000000001f04                __aeabi_ui2d
                0x0000000000001f04                __floatunsidf
                0x0000000000001f24                __floatsidf
                0x0000000000001f24                __aeabi_i2d
                0x0000000000001f48                __extendsfdf2
                0x0000000000001f48                __aeabi_f2d
                0x0000000000001f8c                __aeabi_ul2d
                0x0000000000001f8c                __floatundidf
                0x0000000000001f9c                __floatdidf
                0x0000000000001f9c                __aeabi_l2d
 .text          0x0000000000001ff8      0x424 /usr/lib/gcc/arm-none-eabi/10.3.1/thumb/v7-m/nofp/libgcc.a(_arm_muldivdf3.o)
                0x0000000000001ff8                __aeabi_dmul
                0x0000000000001ff8                __muldf3
                0x000000000000224c                __aeabi_ddiv
                0x000000000000224c                __divdf3
 .text          0x000000000000241c      0x110 /usr/lib/gcc/arm-none-eabi/10.3.1/thumb/v7-m/nofp/libgcc.a(_arm_cmpdf2.o)
                0x000000000000241c                __gtdf2
                0x000000000000241c                __gedf2
                0x0000000000002424                __ltdf2
                0x0000000000002424                __ledf2
                0x000000000000242c                __cmpdf2
                0x000000000000242c                __eqdf2
                0x000000000000242c                __nedf2
                0x00000000000024a8                __aeabi_cdrcmple
                0x00000000000024b8                __aeabi_cdcmple
                0x00000000000024b8                __aeabi_cdcmpeq
                0x00000000000024c8                __aeabi_dcmpeq
                0x00000000000024dc                __aeabi_dcmplt
                0x00000000000024f0                __aeabi_dcmple
                0x0000000000002504                __aeabi_dcmpge
                0x0000000000002518                __aeabi_dcmpgt
 .text          0x000000000000252c       0x40 /usr/lib/gcc/arm-none-eabi/10.3.1/thumb/v7-m/nofp/libgcc.a(_arm_fixunsdfsi.o)
                0x000000000000252c                __fixunsdfsi
                0x000000000000252c                __aeabi_d2uiz
 *(.init)
 *(.fini)
 *crtbegin.o(.ctors)
 *crtbegin?.o(.ctors)
 *(EXCLUDE_FILE(*crtend.o *crtend?.o) .ctors)
 *(SORT_BY_NAME(.ctors.*))
 *(.ctors)
 *crtbegin.o(.dtors)
 *crtbegin?.o(.dtors)
 *(EXCLUDE_FILE(*crtend.o *crtend?.o) .dtors)
 *(SORT_BY_NAME(.dtors.*))
 *(.dtors)
 *(.rodata*)
 .rodata.default_singlectrl
                0x000000000000256c       0x54 gcc/adc.o
 .rodata.STEADY_COUNT_REQUIRED.0
                0x00000000000025c0        0x4 gcc/control.o
 .rodata.timerpins
                0x00000000000025c4       0xb4 gcc/pwm.o
 .rodata.ientable.1
                0x0000000000002678        0xc gcc/pwm.o
 .rodata.pinenable.0
                0x0000000000002684        0xc gcc/pwm.o
 *(.eh_frame*)

.glue_7         0x0000000000002690        0x0
 .glue_7        0x0000000000002690        0x0 linker stubs

.glue_7t        0x0000000000002690        0x0
 .glue_7t       0x0000000000002690        0x0 linker stubs

.vfp11_veneer   0x0000000000002690        0x0
 .vfp11_veneer  0x0000000000002690        0x0 linker stubs

.v4_bx          0x0000000000002690        0x0
 .v4_bx         0x0000000000002690        0x0 linker stubs

.iplt           0x0000000000002690        0x0
 .iplt          0x0000000000002690        0x0 gcc/adc.o

.rel.dyn        0x0000000000002690        0x0
 .rel.iplt      0x0000000000002690        0x0 gcc/adc.o

.ARM.extab
 *(.ARM.extab* .gnu.linkonce.armextab.*)
                0x0000000000002690                __exidx_start = .

.ARM.exidx
 *(.ARM.exidx* .gnu.linkonce.armexidx.*)
                0x0000000000002690                __exidx_end = .
                0x0000000000002690                __etext = .

.data           0x0000000020000000       0x30 load address 0x0000000000002690
                0x0000000020000000                __data_start__ = .
 *(vtable)
 *(.data*)
 .data.timerlist
                0x0000000020000000       0x14 gcc/pwm.o
 .data.timerenabletable.2
                0x0000000020000014       0x10 gcc/pwm.o
 .data.SystemHFXOClock
                0x0000000020000024        0x4 gcc/system_efm32gg.o
 .data.SystemLFXOClock
                0x0000000020000028        0x4 gcc/system_efm32gg.o
 .data.SystemCoreClock
                0x000000002000002c        0x4 gcc/system_efm32gg.o
                0x000000002000002c                SystemCoreClock
                0x0000000020000030                . = ALIGN (0x4)
 *(.ram)
                0x0000000020000030                . = ALIGN (0x4)
                [!provide]                        PROVIDE (__preinit_array_start = .)
 *(.preinit_array)
                [!provide]                        PROVIDE (__preinit_array_end = .)
                0x0000000020000030                . = ALIGN (0x4)
                [!provide]                        PROVIDE (__init_array_start = .)
 *(SORT_BY_NAME(.init_array.*))
 *(.init_array)
                [!provide]                        PROVIDE (__init_array_end = .)
                0x0000000020000030                . = ALIGN (0x4)
                [!provide]                        PROVIDE (__fini_array_start = .)
 *(SORT_BY_NAME(.fini_array.*))
 *(.fini_array)
                [!provide]                        PROVIDE (__fini_array_end = .)
 *(.jcr*)
                0x0000000020000030                . = ALIGN (0x4)
                0x0000000020000030                __data_end__ = .

.igot.plt       0x0000000020000030        0x0 load address 0x00000000000026c0
 .igot.plt      0x0000000020000030        0x0 gcc/adc.o

.bss            0x0000000020000030      0x1dc load address 0x00000000000026c0
                0x0000000020000030                . = ALIGN (0x4)
                0x0000000020000030                __bss_start__ = .
 *(.bss*)
 .bss.singlectrl
                0x0000000020000030       0x54 gcc/adc.o
 .bss.adc_cal   0x0000000020000084        0x4 gcc/adc.o
 .bss.adc_bias  0x0000000020000088        0x4 gcc/adc.o
 .bss.cal_gain_1v25
                0x000000002000008c        0x4 gcc/adc.o
 .bss.cal_offset_1v25
                0x0000000020000090        0x4 gcc/adc.o
 .bss.cal_gain_2v5
                0x0000000020000094        0x4 gcc/adc.o
 .bss.cal_offset_2v5
                0x0000000020000098        0x4 gcc/adc.o
 .bss.cal_gain_vdd
                0x000000002000009c        0x4 gcc/adc.o
 .bss.cal_offset_vdd
                0x00000000200000a0        0x4 gcc/adc.o
 .bss.cal_gain_5v
                0x00000000200000a4        0x4 gcc/adc.o
 .bss.cal_offset_5v
                0x00000000200000a8        0x4 gcc/adc.o
 .bss.cal_gain_2xvdd
                0x00000000200000ac        0x4 gcc/adc.o
 .bss.cal_offset_2xvdd
                0x00000000200000b0        0x4 gcc/adc.o
 .bss.callbacks
                0x00000000200000b4       0x78 gcc/clock_efm32gg2.o
 *fill*         0x000000002000012c        0x4 
 .bss.ctrl_state
                0x0000000020000130       0x18 gcc/control.o
 .bss.sp_pin    0x0000000020000148        0x1 gcc/control.o
 .bss.pv_pin    0x0000000020000149        0x1 gcc/control.o
 .bss.cv_pin    0x000000002000014a        0x1 gcc/control.o
 .bss.led_pin   0x000000002000014b        0x1 gcc/control.o
 .bss.refresh_tick
                0x000000002000014c        0x1 gcc/control.o
                0x000000002000014c                refresh_tick
 *fill*         0x000000002000014d        0x3 
 .bss.sp        0x0000000020000150        0x8 gcc/control.o
                0x0000000020000150                sp
 .bss.pv        0x0000000020000158        0x8 gcc/control.o
                0x0000000020000158                pv
 .bss.cv        0x0000000020000160        0x8 gcc/control.o
                0x0000000020000160                cv
 .bss.gain      0x0000000020000168       0x20 gcc/control.o
                0x0000000020000168                gain
 .bss.steady_counter.1
                0x0000000020000188        0x4 gcc/control.o
 .bss.state.0   0x000000002000018c        0x1 gcc/main.o
 .bss.timer_initialized
                0x000000002000018d        0x1 gcc/pwm.o
 .bss.channel_initialized
                0x000000002000018e        0x1 gcc/pwm.o
 *fill*         0x000000002000018f        0x1 
 .bss.task_tickcounter
                0x0000000020000190        0x4 gcc/tt_tasks.o
 .bss.taskinfo  0x0000000020000194       0x78 gcc/tt_tasks.o
 *(COMMON)
                0x000000002000020c                . = ALIGN (0x4)
                0x000000002000020c                __bss_end__ = .

.heap           0x0000000020000210      0xc00
                0x0000000020000210                . = ALIGN (0x4)
                0x0000000020000210                __HeapBase = .
                0x0000000020000210                __end__ = .
                0x0000000020000210                end = __end__
                0x0000000020000210                _end = __end__
 *(.heap*)
 .heap          0x0000000020000210      0xc00 gcc/startup_efm32gg.o
                0x0000000020001e10                __HeapLimit = (. + HEAPSIZE)

.stack_dummy    0x0000000020000e10      0x400
 *(.stack*)
 .stack         0x0000000020000e10      0x400 gcc/startup_efm32gg.o
                0x0000000020020000                __StackTop = (ORIGIN (RAM) + LENGTH (RAM))
                0x000000002001fc00                __StackLimit = (__StackTop - SIZEOF (.stack_dummy))
                [!provide]                        PROVIDE (__stack = __StackTop)
                0x0000000000000001                ASSERT ((__StackLimit >= __HeapLimit), region RAM overflowed with stack)
                0x0000000000000001                ASSERT ((LENGTH (FLASH) >= (__etext + SIZEOF (.data))), FLASH memory overflowed !)
OUTPUT(gcc/controller.axf elf32-littlearm)
LOAD linker stubs

.debug_info     0x0000000000000000     0x40ae
 .debug_info    0x0000000000000000      0x8c2 gcc/adc.o
 .debug_info    0x00000000000008c2      0xab1 gcc/clock_efm32gg2.o
 .debug_info    0x0000000000001373      0x9cb gcc/control.o
 .debug_info    0x0000000000001d3e      0x674 gcc/gpio.o
 .debug_info    0x00000000000023b2      0x6f8 gcc/main.o
 .debug_info    0x0000000000002aaa      0xc25 gcc/pwm.o
 .debug_info    0x00000000000036cf      0x1c9 gcc/startup_efm32gg.o
 .debug_info    0x0000000000003898      0x4ec gcc/system_efm32gg.o
 .debug_info    0x0000000000003d84      0x292 gcc/tt_tasks.o
 .debug_info    0x0000000000004016       0x26 /usr/lib/gcc/arm-none-eabi/10.3.1/thumb/v7-m/nofp/libgcc.a(_arm_addsubdf3.o)
 .debug_info    0x000000000000403c       0x26 /usr/lib/gcc/arm-none-eabi/10.3.1/thumb/v7-m/nofp/libgcc.a(_arm_muldivdf3.o)
 .debug_info    0x0000000000004062       0x26 /usr/lib/gcc/arm-none-eabi/10.3.1/thumb/v7-m/nofp/libgcc.a(_arm_cmpdf2.o)
 .debug_info    0x0000000000004088       0x26 /usr/lib/gcc/arm-none-eabi/10.3.1/thumb/v7-m/nofp/libgcc.a(_arm_fixunsdfsi.o)

.debug_abbrev   0x0000000000000000      0xef9
 .debug_abbrev  0x0000000000000000      0x1b6 gcc/adc.o
 .debug_abbrev  0x00000000000001b6      0x220 gcc/clock_efm32gg2.o
 .debug_abbrev  0x00000000000003d6      0x1bc gcc/control.o
 .debug_abbrev  0x0000000000000592      0x12d gcc/gpio.o
 .debug_abbrev  0x00000000000006bf      0x217 gcc/main.o
 .debug_abbrev  0x00000000000008d6      0x226 gcc/pwm.o
 .debug_abbrev  0x0000000000000afc       0xfb gcc/startup_efm32gg.o
 .debug_abbrev  0x0000000000000bf7      0x185 gcc/system_efm32gg.o
 .debug_abbrev  0x0000000000000d7c      0x12d gcc/tt_tasks.o
 .debug_abbrev  0x0000000000000ea9       0x14 /usr/lib/gcc/arm-none-eabi/10.3.1/thumb/v7-m/nofp/libgcc.a(_arm_addsubdf3.o)
 .debug_abbrev  0x0000000000000ebd       0x14 /usr/lib/gcc/arm-none-eabi/10.3.1/thumb/v7-m/nofp/libgcc.a(_arm_muldivdf3.o)
 .debug_abbrev  0x0000000000000ed1       0x14 /usr/lib/gcc/arm-none-eabi/10.3.1/thumb/v7-m/nofp/libgcc.a(_arm_cmpdf2.o)
 .debug_abbrev  0x0000000000000ee5       0x14 /usr/lib/gcc/arm-none-eabi/10.3.1/thumb/v7-m/nofp/libgcc.a(_arm_fixunsdfsi.o)

.debug_aranges  0x0000000000000000      0x388
 .debug_aranges
                0x0000000000000000       0x50 gcc/adc.o
 .debug_aranges
                0x0000000000000050       0x88 gcc/clock_efm32gg2.o
 .debug_aranges
                0x00000000000000d8       0x60 gcc/control.o
 .debug_aranges
                0x0000000000000138       0x28 gcc/gpio.o
 .debug_aranges
                0x0000000000000160       0x48 gcc/main.o
 .debug_aranges
                0x00000000000001a8       0x70 gcc/pwm.o
 .debug_aranges
                0x0000000000000218       0x38 gcc/startup_efm32gg.o
 .debug_aranges
                0x0000000000000250       0x70 gcc/system_efm32gg.o
 .debug_aranges
                0x00000000000002c0       0x48 gcc/tt_tasks.o
 .debug_aranges
                0x0000000000000308       0x20 /usr/lib/gcc/arm-none-eabi/10.3.1/thumb/v7-m/nofp/libgcc.a(_arm_addsubdf3.o)
 .debug_aranges
                0x0000000000000328       0x20 /usr/lib/gcc/arm-none-eabi/10.3.1/thumb/v7-m/nofp/libgcc.a(_arm_muldivdf3.o)
 .debug_aranges
                0x0000000000000348       0x20 /usr/lib/gcc/arm-none-eabi/10.3.1/thumb/v7-m/nofp/libgcc.a(_arm_cmpdf2.o)
 .debug_aranges
                0x0000000000000368       0x20 /usr/lib/gcc/arm-none-eabi/10.3.1/thumb/v7-m/nofp/libgcc.a(_arm_fixunsdfsi.o)

.debug_ranges   0x0000000000000000      0x278
 .debug_ranges  0x0000000000000000       0x40 gcc/adc.o
 .debug_ranges  0x0000000000000040       0x78 gcc/clock_efm32gg2.o
 .debug_ranges  0x00000000000000b8       0x50 gcc/control.o
 .debug_ranges  0x0000000000000108       0x18 gcc/gpio.o
 .debug_ranges  0x0000000000000120       0x38 gcc/main.o
 .debug_ranges  0x0000000000000158       0x60 gcc/pwm.o
 .debug_ranges  0x00000000000001b8       0x28 gcc/startup_efm32gg.o
 .debug_ranges  0x00000000000001e0       0x60 gcc/system_efm32gg.o
 .debug_ranges  0x0000000000000240       0x38 gcc/tt_tasks.o

.debug_line     0x0000000000000000     0x1fe3
 .debug_line    0x0000000000000000      0x35b gcc/adc.o
 .debug_line    0x000000000000035b      0x803 gcc/clock_efm32gg2.o
 .debug_line    0x0000000000000b5e      0x312 gcc/control.o
 .debug_line    0x0000000000000e70      0x186 gcc/gpio.o
 .debug_line    0x0000000000000ff6      0x272 gcc/main.o
 .debug_line    0x0000000000001268      0x3d3 gcc/pwm.o
 .debug_line    0x000000000000163b       0xf0 gcc/startup_efm32gg.o
 .debug_line    0x000000000000172b      0x28c gcc/system_efm32gg.o
 .debug_line    0x00000000000019b7      0x1d9 gcc/tt_tasks.o
 .debug_line    0x0000000000001b90      0x186 /usr/lib/gcc/arm-none-eabi/10.3.1/thumb/v7-m/nofp/libgcc.a(_arm_addsubdf3.o)
 .debug_line    0x0000000000001d16      0x19b /usr/lib/gcc/arm-none-eabi/10.3.1/thumb/v7-m/nofp/libgcc.a(_arm_muldivdf3.o)
 .debug_line    0x0000000000001eb1       0xbd /usr/lib/gcc/arm-none-eabi/10.3.1/thumb/v7-m/nofp/libgcc.a(_arm_cmpdf2.o)
 .debug_line    0x0000000000001f6e       0x75 /usr/lib/gcc/arm-none-eabi/10.3.1/thumb/v7-m/nofp/libgcc.a(_arm_fixunsdfsi.o)

.debug_str      0x0000000000000000     0x14c2
 .debug_str     0x0000000000000000      0x4f6 gcc/adc.o
                                        0x562 (size before relaxing)
 .debug_str     0x00000000000004f6      0x3d1 gcc/clock_efm32gg2.o
                                        0x6e4 (size before relaxing)
 .debug_str     0x00000000000008c7      0x407 gcc/control.o
                                        0x654 (size before relaxing)
 .debug_str     0x0000000000000cce       0x30 gcc/gpio.o
                                        0x4f6 (size before relaxing)
 .debug_str     0x0000000000000cfe      0x377 gcc/main.o
                                        0x62d (size before relaxing)
 .debug_str     0x0000000000001075      0x161 gcc/pwm.o
                                        0x692 (size before relaxing)
 .debug_str     0x00000000000011d6       0xac gcc/startup_efm32gg.o
                                        0x209 (size before relaxing)
 .debug_str     0x0000000000001282       0xe0 gcc/system_efm32gg.o
                                        0x411 (size before relaxing)
 .debug_str     0x0000000000001362       0xb9 gcc/tt_tasks.o
                                        0x215 (size before relaxing)
 .debug_str     0x000000000000141b       0xa7 /usr/lib/gcc/arm-none-eabi/10.3.1/thumb/v7-m/nofp/libgcc.a(_arm_addsubdf3.o)
 .debug_str     0x00000000000014c2       0xa7 /usr/lib/gcc/arm-none-eabi/10.3.1/thumb/v7-m/nofp/libgcc.a(_arm_muldivdf3.o)
 .debug_str     0x00000000000014c2       0xa7 /usr/lib/gcc/arm-none-eabi/10.3.1/thumb/v7-m/nofp/libgcc.a(_arm_cmpdf2.o)
 .debug_str     0x00000000000014c2       0xa7 /usr/lib/gcc/arm-none-eabi/10.3.1/thumb/v7-m/nofp/libgcc.a(_arm_fixunsdfsi.o)

.comment        0x0000000000000000       0x33
 .comment       0x0000000000000000       0x33 gcc/adc.o
                                         0x34 (size before relaxing)
 .comment       0x0000000000000033       0x34 gcc/clock_efm32gg2.o
 .comment       0x0000000000000033       0x34 gcc/control.o
 .comment       0x0000000000000033       0x34 gcc/gpio.o
 .comment       0x0000000000000033       0x34 gcc/main.o
 .comment       0x0000000000000033       0x34 gcc/pwm.o
 .comment       0x0000000000000033       0x34 gcc/startup_efm32gg.o
 .comment       0x0000000000000033       0x34 gcc/system_efm32gg.o
 .comment       0x0000000000000033       0x34 gcc/tt_tasks.o

.ARM.attributes
                0x0000000000000000       0x2d
 .ARM.attributes
                0x0000000000000000       0x2d gcc/adc.o
 .ARM.attributes
                0x000000000000002d       0x2d gcc/clock_efm32gg2.o
 .ARM.attributes
                0x000000000000005a       0x2d gcc/control.o
 .ARM.attributes
                0x0000000000000087       0x2d gcc/gpio.o
 .ARM.attributes
                0x00000000000000b4       0x2d gcc/main.o
 .ARM.attributes
                0x00000000000000e1       0x2d gcc/pwm.o
 .ARM.attributes
                0x000000000000010e       0x2d gcc/startup_efm32gg.o
 .ARM.attributes
                0x000000000000013b       0x2d gcc/system_efm32gg.o
 .ARM.attributes
                0x0000000000000168       0x2d gcc/tt_tasks.o
 .ARM.attributes
                0x0000000000000195       0x1d /usr/lib/gcc/arm-none-eabi/10.3.1/thumb/v7-m/nofp/libgcc.a(_arm_addsubdf3.o)
 .ARM.attributes
                0x00000000000001b2       0x1d /usr/lib/gcc/arm-none-eabi/10.3.1/thumb/v7-m/nofp/libgcc.a(_arm_muldivdf3.o)
 .ARM.attributes
                0x00000000000001cf       0x1d /usr/lib/gcc/arm-none-eabi/10.3.1/thumb/v7-m/nofp/libgcc.a(_arm_cmpdf2.o)
 .ARM.attributes
                0x00000000000001ec       0x1d /usr/lib/gcc/arm-none-eabi/10.3.1/thumb/v7-m/nofp/libgcc.a(_arm_fixunsdfsi.o)

.debug_frame    0x0000000000000000      0xc48
 .debug_frame   0x0000000000000000      0x118 gcc/adc.o
 .debug_frame   0x0000000000000118      0x20c gcc/clock_efm32gg2.o
 .debug_frame   0x0000000000000324      0x164 gcc/control.o
 .debug_frame   0x0000000000000488       0x5c gcc/gpio.o
 .debug_frame   0x00000000000004e4       0xe4 gcc/main.o
 .debug_frame   0x00000000000005c8      0x1b4 gcc/pwm.o
 .debug_frame   0x000000000000077c       0x78 gcc/startup_efm32gg.o
 .debug_frame   0x00000000000007f4      0x180 gcc/system_efm32gg.o
 .debug_frame   0x0000000000000974       0xf0 gcc/tt_tasks.o
 .debug_frame   0x0000000000000a64       0xac /usr/lib/gcc/arm-none-eabi/10.3.1/thumb/v7-m/nofp/libgcc.a(_arm_addsubdf3.o)
 .debug_frame   0x0000000000000b10       0x50 /usr/lib/gcc/arm-none-eabi/10.3.1/thumb/v7-m/nofp/libgcc.a(_arm_muldivdf3.o)
 .debug_frame   0x0000000000000b60       0xc4 /usr/lib/gcc/arm-none-eabi/10.3.1/thumb/v7-m/nofp/libgcc.a(_arm_cmpdf2.o)
 .debug_frame   0x0000000000000c24       0x24 /usr/lib/gcc/arm-none-eabi/10.3.1/thumb/v7-m/nofp/libgcc.a(_arm_fixunsdfsi.o)
